// Jest Snapshot v1, https://goo.gl/fbAQLP

exports[`Loading should render correctly 1`] = `"<div class=\\"nextui-c-bOoPrE nextui-c-bOoPrE-iWdsRK-color-default nextui-c-bOoPrE-fQoxSm-textColor-default\\"><span aria-label=\\"Loading\\" class=\\"nextui-c-chTLhx nextui-c-chTLhx-cPGQpm-size-md nextui-c-chTLhx-jJwoeB-type-default nextui-c-chTLhx-iPJLV-css nextui-loading nextui-loading-default\\"><i class=\\"_1\\"></i><i class=\\"_2\\"></i><i class=\\"_3\\"></i></span></div>"`;

exports[`Loading should render correctly 2`] = `[Function]`;

exports[`Loading should work with different colors 1`] = `"<div><div class=\\"nextui-c-bOoPrE nextui-c-bOoPrE-iWdsRK-color-primary nextui-c-bOoPrE-fQoxSm-textColor-default\\"><span aria-label=\\"Loading\\" class=\\"nextui-c-chTLhx nextui-c-chTLhx-cPGQpm-size-md nextui-c-chTLhx-jJwoeB-type-default nextui-c-chTLhx-iPJLV-css nextui-loading nextui-loading-default\\"><i class=\\"_1\\"></i><i class=\\"_2\\"></i><i class=\\"_3\\"></i></span></div><div class=\\"nextui-c-bOoPrE nextui-c-bOoPrE-bdkpVZ-color-success nextui-c-bOoPrE-fQoxSm-textColor-default\\"><span aria-label=\\"Loading\\" class=\\"nextui-c-chTLhx nextui-c-chTLhx-cPGQpm-size-md nextui-c-chTLhx-jJwoeB-type-default nextui-c-chTLhx-iPJLV-css nextui-loading nextui-loading-default\\"><i class=\\"_1\\"></i><i class=\\"_2\\"></i><i class=\\"_3\\"></i></span></div><div class=\\"nextui-c-bOoPrE nextui-c-bOoPrE-erOfwU-color-secondary nextui-c-bOoPrE-fQoxSm-textColor-default\\"><span aria-label=\\"Loading\\" class=\\"nextui-c-chTLhx nextui-c-chTLhx-cPGQpm-size-md nextui-c-chTLhx-jJwoeB-type-default nextui-c-chTLhx-iPJLV-css nextui-loading nextui-loading-default\\"><i class=\\"_1\\"></i><i class=\\"_2\\"></i><i class=\\"_3\\"></i></span></div><div class=\\"nextui-c-bOoPrE nextui-c-bOoPrE-eVEedQ-color-warning nextui-c-bOoPrE-fQoxSm-textColor-default\\"><span aria-label=\\"Loading\\" class=\\"nextui-c-chTLhx nextui-c-chTLhx-cPGQpm-size-md nextui-c-chTLhx-jJwoeB-type-default nextui-c-chTLhx-iPJLV-css nextui-loading nextui-loading-default\\"><i class=\\"_1\\"></i><i class=\\"_2\\"></i><i class=\\"_3\\"></i></span></div><div class=\\"nextui-c-bOoPrE nextui-c-bOoPrE-dGjLsC-color-error nextui-c-bOoPrE-fQoxSm-textColor-default\\"><span aria-label=\\"Loading\\" class=\\"nextui-c-chTLhx nextui-c-chTLhx-cPGQpm-size-md nextui-c-chTLhx-jJwoeB-type-default nextui-c-chTLhx-iPJLV-css nextui-loading nextui-loading-default\\"><i class=\\"_1\\"></i><i class=\\"_2\\"></i><i class=\\"_3\\"></i></span></div></div>"`;

exports[`Loading should work with different colors 2`] = `[Function]`;

exports[`Loading should work with different sizes 1`] = `"<div><div class=\\"nextui-c-bOoPrE nextui-c-bOoPrE-iWdsRK-color-default nextui-c-bOoPrE-fQoxSm-textColor-default\\"><span aria-label=\\"Loading\\" class=\\"nextui-c-chTLhx nextui-c-chTLhx-bboDzR-size-xs nextui-c-chTLhx-jJwoeB-type-default nextui-c-chTLhx-iPJLV-css nextui-loading nextui-loading-default\\"><i class=\\"_1\\"></i><i class=\\"_2\\"></i><i class=\\"_3\\"></i></span></div><div class=\\"nextui-c-bOoPrE nextui-c-bOoPrE-iWdsRK-color-default nextui-c-bOoPrE-fQoxSm-textColor-default\\"><span aria-label=\\"Loading\\" class=\\"nextui-c-chTLhx nextui-c-chTLhx-eWttbs-size-sm nextui-c-chTLhx-jJwoeB-type-default nextui-c-chTLhx-iPJLV-css nextui-loading nextui-loading-default\\"><i class=\\"_1\\"></i><i class=\\"_2\\"></i><i class=\\"_3\\"></i></span></div><div class=\\"nextui-c-bOoPrE nextui-c-bOoPrE-iWdsRK-color-default nextui-c-bOoPrE-fQoxSm-textColor-default\\"><span aria-label=\\"Loading\\" class=\\"nextui-c-chTLhx nextui-c-chTLhx-cPGQpm-size-md nextui-c-chTLhx-jJwoeB-type-default nextui-c-chTLhx-iPJLV-css nextui-loading nextui-loading-default\\"><i class=\\"_1\\"></i><i class=\\"_2\\"></i><i class=\\"_3\\"></i></span></div><div class=\\"nextui-c-bOoPrE nextui-c-bOoPrE-iWdsRK-color-default nextui-c-bOoPrE-fQoxSm-textColor-default\\"><span aria-label=\\"Loading\\" class=\\"nextui-c-chTLhx nextui-c-chTLhx-eWTJwO-size-lg nextui-c-chTLhx-jJwoeB-type-default nextui-c-chTLhx-iPJLV-css nextui-loading nextui-loading-default\\"><i class=\\"_1\\"></i><i class=\\"_2\\"></i><i class=\\"_3\\"></i></span></div><div class=\\"nextui-c-bOoPrE nextui-c-bOoPrE-iWdsRK-color-default nextui-c-bOoPrE-fQoxSm-textColor-default\\"><span aria-label=\\"Loading\\" class=\\"nextui-c-chTLhx nextui-c-chTLhx-fYAaIu-size-xl nextui-c-chTLhx-jJwoeB-type-default nextui-c-chTLhx-iPJLV-css nextui-loading nextui-loading-default\\"><i class=\\"_1\\"></i><i class=\\"_2\\"></i><i class=\\"_3\\"></i></span></div></div>"`;

exports[`Loading should work with different sizes 2`] = `[Function]`;

exports[`Loading should work with different text colors 1`] = `"<div><div class=\\"nextui-c-bOoPrE nextui-c-bOoPrE-iWdsRK-color-default nextui-c-bOoPrE-jjYXKD-textColor-primary\\"><span aria-label=\\"Loading\\" class=\\"nextui-c-chTLhx nextui-c-chTLhx-cPGQpm-size-md nextui-c-chTLhx-jJwoeB-type-default nextui-c-chTLhx-iPJLV-css nextui-loading nextui-loading-default\\"><i class=\\"_1\\"></i><i class=\\"_2\\"></i><i class=\\"_3\\"></i></span></div><div class=\\"nextui-c-bOoPrE nextui-c-bOoPrE-iWdsRK-color-default nextui-c-bOoPrE-lgCEhg-textColor-success\\"><span aria-label=\\"Loading\\" class=\\"nextui-c-chTLhx nextui-c-chTLhx-cPGQpm-size-md nextui-c-chTLhx-jJwoeB-type-default nextui-c-chTLhx-iPJLV-css nextui-loading nextui-loading-default\\"><i class=\\"_1\\"></i><i class=\\"_2\\"></i><i class=\\"_3\\"></i></span></div><div class=\\"nextui-c-bOoPrE nextui-c-bOoPrE-iWdsRK-color-default nextui-c-bOoPrE-iQizOB-textColor-secondary\\"><span aria-label=\\"Loading\\" class=\\"nextui-c-chTLhx nextui-c-chTLhx-cPGQpm-size-md nextui-c-chTLhx-jJwoeB-type-default nextui-c-chTLhx-iPJLV-css nextui-loading nextui-loading-default\\"><i class=\\"_1\\"></i><i class=\\"_2\\"></i><i class=\\"_3\\"></i></span></div><div class=\\"nextui-c-bOoPrE nextui-c-bOoPrE-iWdsRK-color-default nextui-c-bOoPrE-fgUECR-textColor-warning\\"><span aria-label=\\"Loading\\" class=\\"nextui-c-chTLhx nextui-c-chTLhx-cPGQpm-size-md nextui-c-chTLhx-jJwoeB-type-default nextui-c-chTLhx-iPJLV-css nextui-loading nextui-loading-default\\"><i class=\\"_1\\"></i><i class=\\"_2\\"></i><i class=\\"_3\\"></i></span></div><div class=\\"nextui-c-bOoPrE nextui-c-bOoPrE-iWdsRK-color-default nextui-c-bOoPrE-jYiaFD-textColor-error\\"><span aria-label=\\"Loading\\" class=\\"nextui-c-chTLhx nextui-c-chTLhx-cPGQpm-size-md nextui-c-chTLhx-jJwoeB-type-default nextui-c-chTLhx-iPJLV-css nextui-loading nextui-loading-default\\"><i class=\\"_1\\"></i><i class=\\"_2\\"></i><i class=\\"_3\\"></i></span></div></div>"`;

exports[`Loading should work with different text colors 2`] = `[Function]`;

exports[`Loading should work with different types 1`] = `"<div><div class=\\"nextui-c-bOoPrE nextui-c-bOoPrE-iWdsRK-color-default nextui-c-bOoPrE-fQoxSm-textColor-default\\"><span aria-label=\\"Loading\\" class=\\"nextui-c-chTLhx nextui-c-chTLhx-cPGQpm-size-md nextui-c-chTLhx-jJwoeB-type-default nextui-c-chTLhx-iPJLV-css nextui-loading nextui-loading-default\\"><i class=\\"_1\\"></i><i class=\\"_2\\"></i><i class=\\"_3\\"></i></span></div><div class=\\"nextui-c-bOoPrE nextui-c-bOoPrE-iWdsRK-color-default nextui-c-bOoPrE-fQoxSm-textColor-default\\"><div class=\\"nextui-c-fpphdg nextui-c-fpphdg-fPWnWX-size-md nextui-spinner\\"><div aria-label=\\"Loading\\" class=\\"nextui-c-jTKaZN nextui-spinner-container\\"><span class=\\"nextui-c-jdsqRm\\"></span><span class=\\"nextui-c-jdsqRm\\"></span><span class=\\"nextui-c-jdsqRm\\"></span><span class=\\"nextui-c-jdsqRm\\"></span><span class=\\"nextui-c-jdsqRm\\"></span><span class=\\"nextui-c-jdsqRm\\"></span><span class=\\"nextui-c-jdsqRm\\"></span><span class=\\"nextui-c-jdsqRm\\"></span><span class=\\"nextui-c-jdsqRm\\"></span><span class=\\"nextui-c-jdsqRm\\"></span><span class=\\"nextui-c-jdsqRm\\"></span><span class=\\"nextui-c-jdsqRm\\"></span></div></div></div><div class=\\"nextui-c-bOoPrE nextui-c-bOoPrE-iWdsRK-color-default nextui-c-bOoPrE-fQoxSm-textColor-default\\"><span aria-label=\\"Loading\\" class=\\"nextui-c-chTLhx nextui-c-chTLhx-cPGQpm-size-md nextui-c-chTLhx-cGhcKQ-type-points nextui-c-chTLhx-dhbJvz-cv nextui-c-chTLhx-iPJLV-css nextui-loading nextui-loading-points\\"><i class=\\"_1\\"></i><i class=\\"_2\\"></i><i class=\\"_3\\"></i></span></div><div class=\\"nextui-c-bOoPrE nextui-c-bOoPrE-iWdsRK-color-default nextui-c-bOoPrE-fQoxSm-textColor-default\\"><span aria-label=\\"Loading\\" class=\\"nextui-c-chTLhx nextui-c-chTLhx-cPGQpm-size-md nextui-c-chTLhx-heRREU-type-points-opacity nextui-c-chTLhx-dhbJvz-cv nextui-c-chTLhx-iPJLV-css nextui-loading nextui-loading-points-opacity\\"><i class=\\"_1\\"></i><i class=\\"_2\\"></i><i class=\\"_3\\"></i></span></div><div class=\\"nextui-c-bOoPrE nextui-c-bOoPrE-iWdsRK-color-default nextui-c-bOoPrE-fQoxSm-textColor-default\\"><span aria-label=\\"Loading\\" class=\\"nextui-c-chTLhx nextui-c-chTLhx-cPGQpm-size-md nextui-c-chTLhx-mBJPy-type-gradient nextui-c-chTLhx-icvvata-css nextui-loading nextui-loading-gradient\\"><i class=\\"_1\\"></i><i class=\\"_2\\"></i><i class=\\"_3\\"></i></span></div></div>"`;

exports[`Loading should work with different types 2`] = `[Function]`;
