// Jest Snapshot v1, https://goo.gl/fbAQLP

exports[`Link should render correctly 1`] = `"<div><a class=\\"nextui-c-dIWzTP nextui-c-PJLV nextui-c-dIWzTP-hfnKRU-color-default nextui-c-dIWzTP-isWIbj-animated-true nextui-c-PJLV-gulvcB-isFocusVisible-false nextui-c-dIWzTP-icTVmtU-css nextui-link\\" href=\\"https://nextui.org\\">link</a><a class=\\"nextui-c-dIWzTP nextui-c-PJLV nextui-c-dIWzTP-iVlgeG-color-secondary nextui-c-dIWzTP-isWIbj-animated-true nextui-c-PJLV-gulvcB-isFocusVisible-false nextui-c-dIWzTP-iclraoi-css nextui-link\\" href=\\"https://nextui.org\\">link</a><a class=\\"nextui-c-dIWzTP nextui-c-PJLV nextui-c-dIWzTP-geYkrv-color-success nextui-c-dIWzTP-isWIbj-animated-true nextui-c-PJLV-gulvcB-isFocusVisible-false nextui-c-dIWzTP-iighAhn-css nextui-link\\" href=\\"https://nextui.org\\">link<svg class=\\"nextui-c-cBXzrI nextui-link-icon\\" fill=\\"none\\" height=\\"1em\\" shape-rendering=\\"geometricPrecision\\" stroke=\\"currentColor\\" stroke-linecap=\\"round\\" stroke-linejoin=\\"round\\" stroke-width=\\"1.5\\" viewBox=\\"0 0 24 24\\" width=\\"1em\\"><path d=\\"M18 13v6a2 2 0 01-2 2H5a2 2 0 01-2-2V8a2 2 0 012-2h6\\"></path><path d=\\"M15 3h6v6\\"></path><path d=\\"M10 14L21 3\\"></path></svg></a><a class=\\"nextui-c-dIWzTP nextui-c-PJLV nextui-c-dIWzTP-hfnKRU-color-default nextui-c-dIWzTP-cSuHME-underline-true nextui-c-dIWzTP-isWIbj-animated-true nextui-c-PJLV-gulvcB-isFocusVisible-false nextui-c-dIWzTP-icTVmtU-css nextui-link\\" href=\\"https://nextui.org\\">link</a><a class=\\"nextui-c-dIWzTP nextui-c-PJLV nextui-c-dIWzTP-hfnKRU-color-default nextui-c-dIWzTP-fZgbCn-block-true nextui-c-dIWzTP-isWIbj-animated-true nextui-c-dIWzTP-jSBLRj-cv nextui-c-PJLV-gulvcB-isFocusVisible-false nextui-c-dIWzTP-icTVmtU-css nextui-link\\" href=\\"https://nextui.org\\">link</a></div>"`;
