// Jest Snapshot v1, https://goo.gl/fbAQLP

exports[`Avatar should render component of a specified size 1`] = `
LoadedCheerio {
  "0": <span
    class="nextui-c-gEEnVX nextui-c-PJLV nextui-c-gEEnVX-qXFXw-color-default nextui-c-gEEnVX-duCSmO-textColor-default nextui-c-gEEnVX-iHugVF-size-md nextui-c-gEEnVX-krOtXB-borderWeight-normal nextui-c-gEEnVX-bAEoQm-rounded-true nextui-c-PJLV-gulvcB-isFocusVisible-false nextui-c-gEEnVX-ihFPSGE-css only-text-avatar"
    data-state="ready"
  >
    <span
      class="nextui-avatar-bg"
    />
  </span>,
  "_root": LoadedCheerio {
    "0": Document {
      "children": Array [
        <html>
          <head />
          <body />
        </html>,
      ],
      "endIndex": null,
      "next": null,
      "parent": null,
      "prev": null,
      "startIndex": null,
      "type": "root",
      "x-mode": "quirks",
    },
    "_root": [Circular],
    "length": 1,
    "options": Object {
      "decodeEntities": true,
      "xml": false,
    },
  },
  "length": 1,
  "options": Object {
    "decodeEntities": true,
    "xml": false,
  },
}
`;

exports[`Avatar should render correctly with an icon 1`] = `"<span class=\\"nextui-c-gEEnVX nextui-c-PJLV nextui-c-gEEnVX-qXFXw-color-default nextui-c-gEEnVX-duCSmO-textColor-default nextui-c-gEEnVX-iHugVF-size-md nextui-c-gEEnVX-krOtXB-borderWeight-normal nextui-c-gEEnVX-bAEoQm-rounded-true nextui-c-PJLV-gulvcB-isFocusVisible-false only-text-avatar\\" data-state=\\"ready\\"><span class=\\"nextui-avatar-bg\\"></span><span class=\\"nextui-avatar-icon\\"><svg class=\\"\\"></svg></span></span>"`;

exports[`Avatar should render text element 1`] = `
LoadedCheerio {
  "0": <span
    class="nextui-c-gEEnVX nextui-c-PJLV nextui-c-gEEnVX-qXFXw-color-default nextui-c-gEEnVX-duCSmO-textColor-default nextui-c-gEEnVX-iHugVF-size-md nextui-c-gEEnVX-krOtXB-borderWeight-normal nextui-c-gEEnVX-bAEoQm-rounded-true nextui-c-PJLV-gulvcB-isFocusVisible-false only-text-avatar"
    data-state="ready"
  >
    <span
      class="nextui-avatar-bg"
    />
  </span>,
  "_root": LoadedCheerio {
    "0": Document {
      "children": Array [
        <html>
          <head />
          <body />
        </html>,
      ],
      "endIndex": null,
      "next": null,
      "parent": null,
      "prev": null,
      "startIndex": null,
      "type": "root",
      "x-mode": "quirks",
    },
    "_root": [Circular],
    "length": 1,
    "options": Object {
      "decodeEntities": true,
      "xml": false,
    },
  },
  "length": 1,
  "options": Object {
    "decodeEntities": true,
    "xml": false,
  },
}
`;

exports[`Avatar should render text element 2`] = `
LoadedCheerio {
  "0": <span
    class="nextui-c-gEEnVX nextui-c-PJLV nextui-c-gEEnVX-qXFXw-color-default nextui-c-gEEnVX-duCSmO-textColor-default nextui-c-gEEnVX-iHugVF-size-md nextui-c-gEEnVX-krOtXB-borderWeight-normal nextui-c-gEEnVX-bAEoQm-rounded-true nextui-c-PJLV-gulvcB-isFocusVisible-false only-text-avatar"
    data-state="ready"
  >
    <span
      class="nextui-avatar-bg"
    />
    <span
      class="nextui-avatar-text"
    >
      text
    </span>
  </span>,
  "_root": LoadedCheerio {
    "0": Document {
      "children": Array [
        <html>
          <head />
          <body />
        </html>,
      ],
      "endIndex": null,
      "next": null,
      "parent": null,
      "prev": null,
      "startIndex": null,
      "type": "root",
      "x-mode": "quirks",
    },
    "_root": [Circular],
    "length": 1,
    "options": Object {
      "decodeEntities": true,
      "xml": false,
    },
  },
  "length": 1,
  "options": Object {
    "decodeEntities": true,
    "xml": false,
  },
}
`;

exports[`Avatar should work correctly with different sizes 1`] = `"<div><span class=\\"nextui-c-gEEnVX nextui-c-PJLV nextui-c-gEEnVX-qXFXw-color-default nextui-c-gEEnVX-duCSmO-textColor-default nextui-c-gEEnVX-jROyhw-size-xs nextui-c-gEEnVX-krOtXB-borderWeight-normal nextui-c-gEEnVX-bAEoQm-rounded-true nextui-c-PJLV-gulvcB-isFocusVisible-false only-text-avatar\\" data-state=\\"ready\\"><span class=\\"nextui-avatar-bg\\"></span></span><span class=\\"nextui-c-gEEnVX nextui-c-PJLV nextui-c-gEEnVX-qXFXw-color-default nextui-c-gEEnVX-duCSmO-textColor-default nextui-c-gEEnVX-bHlgBq-size-sm nextui-c-gEEnVX-krOtXB-borderWeight-normal nextui-c-gEEnVX-bAEoQm-rounded-true nextui-c-PJLV-gulvcB-isFocusVisible-false only-text-avatar\\" data-state=\\"ready\\"><span class=\\"nextui-avatar-bg\\"></span></span><span class=\\"nextui-c-gEEnVX nextui-c-PJLV nextui-c-gEEnVX-qXFXw-color-default nextui-c-gEEnVX-duCSmO-textColor-default nextui-c-gEEnVX-iHugVF-size-md nextui-c-gEEnVX-krOtXB-borderWeight-normal nextui-c-gEEnVX-bAEoQm-rounded-true nextui-c-PJLV-gulvcB-isFocusVisible-false only-text-avatar\\" data-state=\\"ready\\"><span class=\\"nextui-avatar-bg\\"></span></span><span class=\\"nextui-c-gEEnVX nextui-c-PJLV nextui-c-gEEnVX-qXFXw-color-default nextui-c-gEEnVX-duCSmO-textColor-default nextui-c-gEEnVX-lmZTtQ-size-lg nextui-c-gEEnVX-krOtXB-borderWeight-normal nextui-c-gEEnVX-bAEoQm-rounded-true nextui-c-PJLV-gulvcB-isFocusVisible-false only-text-avatar\\" data-state=\\"ready\\"><span class=\\"nextui-avatar-bg\\"></span></span><span class=\\"nextui-c-gEEnVX nextui-c-PJLV nextui-c-gEEnVX-qXFXw-color-default nextui-c-gEEnVX-duCSmO-textColor-default nextui-c-gEEnVX-ehDSPw-size-xl nextui-c-gEEnVX-krOtXB-borderWeight-normal nextui-c-gEEnVX-bAEoQm-rounded-true nextui-c-PJLV-gulvcB-isFocusVisible-false only-text-avatar\\" data-state=\\"ready\\"><span class=\\"nextui-avatar-bg\\"></span></span></div>"`;

exports[`Avatar should work with a gradient color 1`] = `"<span class=\\"nextui-c-gEEnVX nextui-c-PJLV nextui-c-gEEnVX-lcNuyd-color-gradient nextui-c-gEEnVX-duCSmO-textColor-default nextui-c-gEEnVX-iHugVF-size-md nextui-c-gEEnVX-krOtXB-borderWeight-normal nextui-c-gEEnVX-bAEoQm-rounded-true nextui-c-PJLV-gulvcB-isFocusVisible-false only-text-avatar\\" data-state=\\"ready\\"><span class=\\"nextui-avatar-bg\\"></span></span>"`;

exports[`Avatar should work with different colors 1`] = `"<div><span class=\\"nextui-c-gEEnVX nextui-c-PJLV nextui-c-gEEnVX-eeabkr-color-primary nextui-c-gEEnVX-duCSmO-textColor-default nextui-c-gEEnVX-iHugVF-size-md nextui-c-gEEnVX-krOtXB-borderWeight-normal nextui-c-gEEnVX-bAEoQm-rounded-true nextui-c-PJLV-gulvcB-isFocusVisible-false only-text-avatar\\" data-state=\\"ready\\"><span class=\\"nextui-avatar-bg\\"></span></span><span class=\\"nextui-c-gEEnVX nextui-c-PJLV nextui-c-gEEnVX-jzyGMN-color-secondary nextui-c-gEEnVX-duCSmO-textColor-default nextui-c-gEEnVX-iHugVF-size-md nextui-c-gEEnVX-krOtXB-borderWeight-normal nextui-c-gEEnVX-bAEoQm-rounded-true nextui-c-PJLV-gulvcB-isFocusVisible-false only-text-avatar\\" data-state=\\"ready\\"><span class=\\"nextui-avatar-bg\\"></span></span><span class=\\"nextui-c-gEEnVX nextui-c-PJLV nextui-c-gEEnVX-fJMMFA-color-success nextui-c-gEEnVX-duCSmO-textColor-default nextui-c-gEEnVX-iHugVF-size-md nextui-c-gEEnVX-krOtXB-borderWeight-normal nextui-c-gEEnVX-bAEoQm-rounded-true nextui-c-PJLV-gulvcB-isFocusVisible-false only-text-avatar\\" data-state=\\"ready\\"><span class=\\"nextui-avatar-bg\\"></span></span><span class=\\"nextui-c-gEEnVX nextui-c-PJLV nextui-c-gEEnVX-eCIbjl-color-warning nextui-c-gEEnVX-duCSmO-textColor-default nextui-c-gEEnVX-iHugVF-size-md nextui-c-gEEnVX-krOtXB-borderWeight-normal nextui-c-gEEnVX-bAEoQm-rounded-true nextui-c-PJLV-gulvcB-isFocusVisible-false only-text-avatar\\" data-state=\\"ready\\"><span class=\\"nextui-avatar-bg\\"></span></span><span class=\\"nextui-c-gEEnVX nextui-c-PJLV nextui-c-gEEnVX-gYTGZH-color-error nextui-c-gEEnVX-duCSmO-textColor-default nextui-c-gEEnVX-iHugVF-size-md nextui-c-gEEnVX-krOtXB-borderWeight-normal nextui-c-gEEnVX-bAEoQm-rounded-true nextui-c-PJLV-gulvcB-isFocusVisible-false only-text-avatar\\" data-state=\\"ready\\"><span class=\\"nextui-avatar-bg\\"></span></span></div>"`;

exports[`Avatar should work with pointer 1`] = `"<span class=\\"nextui-c-gEEnVX nextui-c-PJLV nextui-c-gEEnVX-qXFXw-color-default nextui-c-gEEnVX-duCSmO-textColor-default nextui-c-gEEnVX-iHugVF-size-md nextui-c-gEEnVX-krOtXB-borderWeight-normal nextui-c-gEEnVX-hpLzEY-pointer-true nextui-c-gEEnVX-bAEoQm-rounded-true nextui-c-PJLV-gulvcB-isFocusVisible-false only-text-avatar\\" data-state=\\"ready\\"><span class=\\"nextui-avatar-bg\\"></span></span>"`;

exports[`Avatar should work with zoomed 1`] = `"<span class=\\"nextui-c-gEEnVX nextui-c-PJLV nextui-c-gEEnVX-qXFXw-color-default nextui-c-gEEnVX-duCSmO-textColor-default nextui-c-gEEnVX-iHugVF-size-md nextui-c-gEEnVX-krOtXB-borderWeight-normal nextui-c-gEEnVX-bAEoQm-rounded-true nextui-c-gEEnVX-OUZAS-zoomed-true nextui-c-PJLV-gulvcB-isFocusVisible-false only-text-avatar\\" data-state=\\"ready\\"><span class=\\"nextui-avatar-bg\\"></span></span>"`;
