// Jest Snapshot v1, https://goo.gl/fbAQLP

exports[
  `Spacer should render correctly 1`
] = `"<span aria-hidden=\\"true\\" class=\\"nextui-c-gNVTSf nextui-c-gNVTSf-hakyQ-inline-false nextui-c-gNVTSf-igvLppd-css\\"></span>"`;

exports[
  `Spacer should support x and y 1`
] = `"<div><span aria-hidden=\\"true\\" class=\\"nextui-c-gNVTSf nextui-c-gNVTSf-hakyQ-inline-false nextui-c-gNVTSf-igcelEw-css\\"></span><span aria-hidden=\\"true\\" class=\\"nextui-c-gNVTSf nextui-c-gNVTSf-hakyQ-inline-false nextui-c-gNVTSf-ikIxlN-css\\"></span><span aria-hidden=\\"true\\" class=\\"nextui-c-gNVTSf nextui-c-gNVTSf-hakyQ-inline-false nextui-c-gNVTSf-ikrYZet-css\\"></span><span aria-hidden=\\"true\\" class=\\"nextui-c-gNVTSf nextui-c-gNVTSf-hakyQ-inline-false nextui-c-gNVTSf-iijuxSl-css\\"></span></div>"`;

exports[
  `Spacer should work with float 1`
] = `"<div><span aria-hidden=\\"true\\" class=\\"nextui-c-gNVTSf nextui-c-gNVTSf-hakyQ-inline-false nextui-c-gNVTSf-iiYlDcV-css\\"></span><span aria-hidden=\\"true\\" class=\\"nextui-c-gNVTSf nextui-c-gNVTSf-hakyQ-inline-false nextui-c-gNVTSf-ijmOPbz-css\\"></span><span aria-hidden=\\"true\\" class=\\"nextui-c-gNVTSf nextui-c-gNVTSf-hakyQ-inline-false nextui-c-gNVTSf-iclhgNO-css\\"></span><span aria-hidden=\\"true\\" class=\\"nextui-c-gNVTSf nextui-c-gNVTSf-hakyQ-inline-false nextui-c-gNVTSf-ihWKbA-css\\"></span></div>"`;

exports[
  `Spacer should work with inline mode 1`
] = `"<span aria-hidden=\\"true\\" class=\\"nextui-c-gNVTSf nextui-c-gNVTSf-hakyQ-inline-false nextui-c-gNVTSf-igvLppd-css\\"></span>"`;
