// Jest Snapshot v1, https://goo.gl/fbAQLP

exports[`Text should be able to specify the size of text 1`] = `"<p class=\\"nextui-c-PJLV nextui-c-PJLV-iigqkie-css\\">test-value</p>"`;

exports[`Text should be able to specify the size of text 2`] = `"<p class=\\"nextui-c-PJLV nextui-c-PJLV-ihhCyyy-css\\">test-value</p>"`;

exports[`Text should render P element in the default 1`] = `"<p class=\\"nextui-c-PJLV nextui-c-PJLV-ijnlmIz-css\\">test-value</p>"`;

exports[`Text should render default color when type missing 1`] = `"<p type=\\"unknow\\" class=\\"nextui-c-PJLV nextui-c-PJLV-ijnlmIz-css\\">test-value</p>"`;

exports[`Text should work with different styles 1`] = `"<div><p class=\\"nextui-c-PJLV nextui-c-PJLV-ijyaHDY-css\\">test-value</p><p class=\\"nextui-c-PJLV nextui-c-PJLV-ivujhd-css\\">test-value</p><p class=\\"nextui-c-PJLV nextui-c-PJLV-itIuvs-css\\">test-value</p><p class=\\"nextui-c-PJLV nextui-c-PJLV-ifgDYHW-css\\">test-value</p></div>"`;

exports[`Text the combined style should be rendered 1`] = `"<b class=\\"nextui-c-PJLV nextui-c-PJLV-ijnlmIz-css\\"><del class=\\"nextui-c-PJLV nextui-c-PJLV-ijnlmIz-css\\">test-value</del></b>"`;

exports[`Text the specified element should be rendered 1`] = `"<div><h1 class=\\"nextui-c-PJLV nextui-c-PJLV-ijnlmIz-css\\">test-value</h1><h2 class=\\"nextui-c-PJLV nextui-c-PJLV-ijnlmIz-css\\">test-value</h2><h3 class=\\"nextui-c-PJLV nextui-c-PJLV-ijnlmIz-css\\">test-value</h3><h4 class=\\"nextui-c-PJLV nextui-c-PJLV-ijnlmIz-css\\">test-value</h4><h5 class=\\"nextui-c-PJLV nextui-c-PJLV-ijnlmIz-css\\">test-value</h5><h6 class=\\"nextui-c-PJLV nextui-c-PJLV-ijnlmIz-css\\">test-value</h6><p class=\\"nextui-c-PJLV nextui-c-PJLV-ijnlmIz-css\\">test-value</p><small class=\\"nextui-c-PJLV nextui-c-PJLV-ijnlmIz-css\\">test-value</small><span class=\\"nextui-c-PJLV nextui-c-PJLV-ijnlmIz-css\\">test-value</span><del class=\\"nextui-c-PJLV nextui-c-PJLV-ijnlmIz-css\\">test-value</del><i class=\\"nextui-c-PJLV nextui-c-PJLV-ijnlmIz-css\\">test-value</i><em class=\\"nextui-c-PJLV nextui-c-PJLV-ijnlmIz-css\\">test-value</em><b class=\\"nextui-c-PJLV nextui-c-PJLV-ijnlmIz-css\\">test-value</b></div>"`;
