// Jest Snapshot v1, https://goo.gl/fbAQLP

exports[`Col should render correctly 1`] = `ReactWrapper {}`;

exports[`Col should work with span and offset 1`] = `
LoadedCheerio {
  "0": <div>
    <div
      class="nextui-c-cMTZRp nextui-c-cMTZRp-ikSMVmn-css"
    >
      col
    </div>
    <div
      class="nextui-c-cMTZRp nextui-c-cMTZRp-icjwvEK-css"
    >
      col
    </div>
  </div>,
  "_root": LoadedCheerio {
    "0": Document {
      "children": Array [
        <html>
          <head />
          <body />
        </html>,
      ],
      "endIndex": null,
      "next": null,
      "parent": null,
      "prev": null,
      "startIndex": null,
      "type": "root",
      "x-mode": "quirks",
    },
    "_root": [Circular],
    "length": 1,
    "options": Object {
      "decodeEntities": true,
      "xml": false,
    },
  },
  "length": 1,
  "options": Object {
    "decodeEntities": true,
    "xml": false,
  },
}
`;
