// Jest Snapshot v1, https://goo.gl/fbAQLP

exports[`Input should be work with content 1`] = `"<div><div class=\\"nextui-c-iwmZdB nextui-c-iwmZdB-jTfqsF-helperColor-default nextui-c-iwmZdB-dpkacN-borderWeight-normal nextui-c-iwmZdB-gOvjVW-size-md nextui-c-iwmZdB-iiIdOsz-css nextui-input-main-container nextui-input-main-container--normal\\" data-state=\\"normal\\"><div class=\\"nextui-c-ghxhhI nextui-c-ghxhhI-fjttfO-isTextarea-false nextui-c-ghxhhI-iNKybL-animated-true nextui-input-container nextui-input-container--normal nextui-input-container--input\\"><label class=\\"nextui-c-eXOOPO nextui-c-eXOOPO-iNKybL-shadow-true nextui-c-eXOOPO-ccrOPm-underlined-false nextui-c-eXOOPO-lkBNdM-isTextarea-false nextui-input-wrapper nextui-input-wrapper--normal nextui-input-wrapper--shadow\\"><span class=\\"nextui-c-PJLV nextui-c-PJLV-dBGXHd-applyStyles-true nextui-input-content nextui-input-content--left\\"><span>test-icon</span></span><input aria-multiline=\\"false\\" aria-placeholder=\\"\\" aria-readonly=\\"false\\" aria-required=\\"false\\" autocomplete=\\"off\\" class=\\"nextui-c-jeuecp nextui-c-jeuecp-bVyrVm-hasLeftContent-true nextui-input nextui-input-left-content\\" data-state=\\"normal\\" placeholder=\\"\\" type=\\"text\\" id=\\"react-aria5747947790-25\\" value=\\"\\"></label></div><div class=\\"nextui-c-gJvMas nextui-input-helper-text-container\\"></div></div><div class=\\"nextui-c-iwmZdB nextui-c-iwmZdB-jTfqsF-helperColor-default nextui-c-iwmZdB-dpkacN-borderWeight-normal nextui-c-iwmZdB-gOvjVW-size-md nextui-c-iwmZdB-iiIdOsz-css nextui-input-main-container nextui-input-main-container--normal\\" data-state=\\"normal\\"><div class=\\"nextui-c-ghxhhI nextui-c-ghxhhI-fjttfO-isTextarea-false nextui-c-ghxhhI-iNKybL-animated-true nextui-input-container nextui-input-container--normal nextui-input-container--input\\"><label class=\\"nextui-c-eXOOPO nextui-c-eXOOPO-iNKybL-shadow-true nextui-c-eXOOPO-ccrOPm-underlined-false nextui-c-eXOOPO-lkBNdM-isTextarea-false nextui-input-wrapper nextui-input-wrapper--normal nextui-input-wrapper--shadow\\"><input aria-multiline=\\"false\\" aria-placeholder=\\"\\" aria-readonly=\\"false\\" aria-required=\\"false\\" autocomplete=\\"off\\" class=\\"nextui-c-jeuecp nextui-c-jeuecp-bVsTEo-hasRightContent-true nextui-input nextui-input-nextui-input-right-content\\" data-state=\\"normal\\" placeholder=\\"\\" type=\\"text\\" id=\\"react-aria5747947790-27\\" value=\\"\\"><span class=\\"nextui-c-PJLV nextui-c-PJLV-dBGXHd-applyStyles-true nextui-input-content nextui-input-content--right\\"><span>test-icon</span></span></label></div><div class=\\"nextui-c-gJvMas nextui-input-helper-text-container\\"></div></div></div>"`;

exports[`Input should be work with label 1`] = `"<div><div class=\\"nextui-c-iwmZdB nextui-c-iwmZdB-jTfqsF-helperColor-default nextui-c-iwmZdB-dpkacN-borderWeight-normal nextui-c-iwmZdB-gOvjVW-size-md nextui-c-iwmZdB-iiIdOsz-css nextui-input-main-container nextui-input-main-container--normal\\" data-state=\\"normal\\"><label class=\\"nextui-c-hzQjrs nextui-input-block-label\\" for=\\"react-aria5747947790-19\\" id=\\"react-aria5747947790-20\\">label</label><div class=\\"nextui-c-ghxhhI nextui-c-ghxhhI-fjttfO-isTextarea-false nextui-c-ghxhhI-iNKybL-animated-true nextui-input-container nextui-input-container--normal nextui-input-container--input\\"><div class=\\"nextui-c-eXOOPO nextui-c-eXOOPO-iNKybL-shadow-true nextui-c-eXOOPO-ccrOPm-underlined-false nextui-c-eXOOPO-lkBNdM-isTextarea-false nextui-input-wrapper nextui-input-wrapper--normal nextui-input-wrapper--shadow\\"><input aria-multiline=\\"false\\" aria-placeholder=\\"\\" aria-readonly=\\"false\\" aria-required=\\"false\\" autocomplete=\\"off\\" class=\\"nextui-c-jeuecp nextui-input\\" data-state=\\"normal\\" placeholder=\\"\\" type=\\"text\\" id=\\"react-aria5747947790-19\\" aria-labelledby=\\"react-aria5747947790-20\\" value=\\"\\"></div></div><div class=\\"nextui-c-gJvMas nextui-input-helper-text-container\\"></div></div><div class=\\"nextui-c-iwmZdB nextui-c-iwmZdB-jTfqsF-helperColor-default nextui-c-iwmZdB-dpkacN-borderWeight-normal nextui-c-iwmZdB-gOvjVW-size-md nextui-c-iwmZdB-iiIdOsz-css nextui-input-main-container nextui-input-main-container--normal\\" data-state=\\"normal\\"><div class=\\"nextui-c-ghxhhI nextui-c-ghxhhI-fjttfO-isTextarea-false nextui-c-ghxhhI-iNKybL-animated-true nextui-input-container nextui-input-container--normal nextui-input-container--input\\"><label class=\\"nextui-c-eXOOPO nextui-c-eXOOPO-iNKybL-shadow-true nextui-c-eXOOPO-ccrOPm-underlined-false nextui-c-eXOOPO-lkBNdM-isTextarea-false nextui-input-wrapper nextui-input-wrapper--normal nextui-input-wrapper--shadow\\"><input aria-multiline=\\"false\\" aria-placeholder=\\"\\" aria-readonly=\\"false\\" aria-required=\\"false\\" autocomplete=\\"off\\" class=\\"nextui-c-jeuecp nextui-input\\" data-state=\\"normal\\" placeholder=\\"\\" type=\\"text\\" id=\\"react-aria5747947790-21\\" value=\\"\\"><span class=\\"nextui-c-gieWTI nextui-c-gieWTI-bPbUHf-isRight-true nextui-c-gieWTI-bzgJTZ-cv nextui-input-label--right\\">label</span></label></div><div class=\\"nextui-c-gJvMas nextui-input-helper-text-container\\"></div></div><div class=\\"nextui-c-iwmZdB nextui-c-iwmZdB-jTfqsF-helperColor-default nextui-c-iwmZdB-dpkacN-borderWeight-normal nextui-c-iwmZdB-gOvjVW-size-md nextui-c-iwmZdB-iiIdOsz-css nextui-input-main-container nextui-input-main-container--normal\\" data-state=\\"normal\\"><div class=\\"nextui-c-ghxhhI nextui-c-ghxhhI-fjttfO-isTextarea-false nextui-c-ghxhhI-iNKybL-animated-true nextui-input-container nextui-input-container--normal nextui-input-container--input\\"><label class=\\"nextui-c-eXOOPO nextui-c-eXOOPO-iNKybL-shadow-true nextui-c-eXOOPO-ccrOPm-underlined-false nextui-c-eXOOPO-lkBNdM-isTextarea-false nextui-input-wrapper nextui-input-wrapper--normal nextui-input-wrapper--shadow\\"><span class=\\"nextui-c-gieWTI nextui-c-gieWTI-ceZkzL-isRight-false nextui-c-gieWTI-bzgJTZ-cv nextui-input-label--left\\">label</span><input aria-multiline=\\"false\\" aria-placeholder=\\"\\" aria-readonly=\\"false\\" aria-required=\\"false\\" autocomplete=\\"off\\" class=\\"nextui-c-jeuecp nextui-input\\" data-state=\\"normal\\" placeholder=\\"\\" type=\\"text\\" id=\\"react-aria5747947790-23\\" value=\\"\\"></label></div><div class=\\"nextui-c-gJvMas nextui-input-helper-text-container\\"></div></div></div>"`;

exports[`Input should work with different sizes 1`] = `"<div><div class=\\"nextui-c-iwmZdB nextui-c-iwmZdB-jTfqsF-helperColor-default nextui-c-iwmZdB-dpkacN-borderWeight-normal nextui-c-iwmZdB-jwvDph-size-xs nextui-c-iwmZdB-iiIdOsz-css nextui-input-main-container nextui-input-main-container--normal\\" data-state=\\"normal\\"><div class=\\"nextui-c-ghxhhI nextui-c-ghxhhI-fjttfO-isTextarea-false nextui-c-ghxhhI-iNKybL-animated-true nextui-input-container nextui-input-container--normal nextui-input-container--input\\"><label class=\\"nextui-c-eXOOPO nextui-c-eXOOPO-iNKybL-shadow-true nextui-c-eXOOPO-ccrOPm-underlined-false nextui-c-eXOOPO-lkBNdM-isTextarea-false nextui-input-wrapper nextui-input-wrapper--normal nextui-input-wrapper--shadow\\"><input aria-multiline=\\"false\\" aria-placeholder=\\"\\" aria-readonly=\\"false\\" aria-required=\\"false\\" autocomplete=\\"off\\" class=\\"nextui-c-jeuecp nextui-input\\" data-state=\\"normal\\" placeholder=\\"\\" type=\\"text\\" id=\\"react-aria5747947790-3\\" value=\\"\\"></label></div><div class=\\"nextui-c-gJvMas nextui-input-helper-text-container\\"></div></div><div class=\\"nextui-c-iwmZdB nextui-c-iwmZdB-jTfqsF-helperColor-default nextui-c-iwmZdB-dpkacN-borderWeight-normal nextui-c-iwmZdB-iUdBCG-size-sm nextui-c-iwmZdB-iiIdOsz-css nextui-input-main-container nextui-input-main-container--normal\\" data-state=\\"normal\\"><div class=\\"nextui-c-ghxhhI nextui-c-ghxhhI-fjttfO-isTextarea-false nextui-c-ghxhhI-iNKybL-animated-true nextui-input-container nextui-input-container--normal nextui-input-container--input\\"><label class=\\"nextui-c-eXOOPO nextui-c-eXOOPO-iNKybL-shadow-true nextui-c-eXOOPO-ccrOPm-underlined-false nextui-c-eXOOPO-lkBNdM-isTextarea-false nextui-input-wrapper nextui-input-wrapper--normal nextui-input-wrapper--shadow\\"><input aria-multiline=\\"false\\" aria-placeholder=\\"\\" aria-readonly=\\"false\\" aria-required=\\"false\\" autocomplete=\\"off\\" class=\\"nextui-c-jeuecp nextui-input\\" data-state=\\"normal\\" placeholder=\\"\\" type=\\"text\\" id=\\"react-aria5747947790-5\\" value=\\"\\"></label></div><div class=\\"nextui-c-gJvMas nextui-input-helper-text-container\\"></div></div><div class=\\"nextui-c-iwmZdB nextui-c-iwmZdB-jTfqsF-helperColor-default nextui-c-iwmZdB-dpkacN-borderWeight-normal nextui-c-iwmZdB-bkiCag-size-lg nextui-c-iwmZdB-iiIdOsz-css nextui-input-main-container nextui-input-main-container--normal\\" data-state=\\"normal\\"><div class=\\"nextui-c-ghxhhI nextui-c-ghxhhI-fjttfO-isTextarea-false nextui-c-ghxhhI-iNKybL-animated-true nextui-input-container nextui-input-container--normal nextui-input-container--input\\"><label class=\\"nextui-c-eXOOPO nextui-c-eXOOPO-iNKybL-shadow-true nextui-c-eXOOPO-ccrOPm-underlined-false nextui-c-eXOOPO-lkBNdM-isTextarea-false nextui-input-wrapper nextui-input-wrapper--normal nextui-input-wrapper--shadow\\"><input aria-multiline=\\"false\\" aria-placeholder=\\"\\" aria-readonly=\\"false\\" aria-required=\\"false\\" autocomplete=\\"off\\" class=\\"nextui-c-jeuecp nextui-input\\" data-state=\\"normal\\" placeholder=\\"\\" type=\\"text\\" id=\\"react-aria5747947790-7\\" value=\\"\\"></label></div><div class=\\"nextui-c-gJvMas nextui-input-helper-text-container\\"></div></div><div class=\\"nextui-c-iwmZdB nextui-c-iwmZdB-jTfqsF-helperColor-default nextui-c-iwmZdB-dpkacN-borderWeight-normal nextui-c-iwmZdB-gNajeV-size-xl nextui-c-iwmZdB-iiIdOsz-css nextui-input-main-container nextui-input-main-container--normal\\" data-state=\\"normal\\"><div class=\\"nextui-c-ghxhhI nextui-c-ghxhhI-fjttfO-isTextarea-false nextui-c-ghxhhI-iNKybL-animated-true nextui-input-container nextui-input-container--normal nextui-input-container--input\\"><label class=\\"nextui-c-eXOOPO nextui-c-eXOOPO-iNKybL-shadow-true nextui-c-eXOOPO-ccrOPm-underlined-false nextui-c-eXOOPO-lkBNdM-isTextarea-false nextui-input-wrapper nextui-input-wrapper--normal nextui-input-wrapper--shadow\\"><input aria-multiline=\\"false\\" aria-placeholder=\\"\\" aria-readonly=\\"false\\" aria-required=\\"false\\" autocomplete=\\"off\\" class=\\"nextui-c-jeuecp nextui-input\\" data-state=\\"normal\\" placeholder=\\"\\" type=\\"text\\" id=\\"react-aria5747947790-9\\" value=\\"\\"></label></div><div class=\\"nextui-c-gJvMas nextui-input-helper-text-container\\"></div></div><div class=\\"nextui-c-iwmZdB nextui-c-iwmZdB-jTfqsF-helperColor-default nextui-c-iwmZdB-dpkacN-borderWeight-normal nextui-c-iwmZdB-gOvjVW-size-md nextui-c-iwmZdB-imosJd-css nextui-input-main-container nextui-input-main-container--normal\\" data-state=\\"normal\\"><div class=\\"nextui-c-ghxhhI nextui-c-ghxhhI-fjttfO-isTextarea-false nextui-c-ghxhhI-iNKybL-animated-true nextui-input-container nextui-input-container--normal nextui-input-container--input\\"><label class=\\"nextui-c-eXOOPO nextui-c-eXOOPO-iNKybL-shadow-true nextui-c-eXOOPO-ccrOPm-underlined-false nextui-c-eXOOPO-lkBNdM-isTextarea-false nextui-input-wrapper nextui-input-wrapper--normal nextui-input-wrapper--shadow\\"><input aria-multiline=\\"false\\" aria-placeholder=\\"\\" aria-readonly=\\"false\\" aria-required=\\"false\\" autocomplete=\\"off\\" class=\\"nextui-c-jeuecp nextui-input\\" data-state=\\"normal\\" placeholder=\\"\\" type=\\"text\\" id=\\"react-aria5747947790-11\\" value=\\"\\"></label></div><div class=\\"nextui-c-gJvMas nextui-input-helper-text-container\\"></div></div></div>"`;

exports[`Input should work with different status 1`] = `"<div><div class=\\"nextui-c-iwmZdB nextui-c-iwmZdB-kWLfoB-color-secondary nextui-c-iwmZdB-jTfqsF-helperColor-default nextui-c-iwmZdB-dpkacN-borderWeight-normal nextui-c-iwmZdB-gOvjVW-size-md nextui-c-iwmZdB-iiIdOsz-css nextui-input-main-container nextui-input-main-container--normal\\" data-state=\\"normal\\"><div class=\\"nextui-c-ghxhhI nextui-c-ghxhhI-fjttfO-isTextarea-false nextui-c-ghxhhI-iNKybL-animated-true nextui-input-container nextui-input-container--normal nextui-input-container--input\\"><label class=\\"nextui-c-eXOOPO nextui-c-eXOOPO-iNKybL-shadow-true nextui-c-eXOOPO-ccrOPm-underlined-false nextui-c-eXOOPO-lkBNdM-isTextarea-false nextui-input-wrapper nextui-input-wrapper--normal nextui-input-wrapper--shadow\\"><input aria-multiline=\\"false\\" aria-placeholder=\\"\\" aria-readonly=\\"false\\" aria-required=\\"false\\" autocomplete=\\"off\\" class=\\"nextui-c-jeuecp nextui-input\\" data-state=\\"normal\\" placeholder=\\"\\" type=\\"text\\" id=\\"react-aria5747947790-13\\" value=\\"\\"></label></div><div class=\\"nextui-c-gJvMas nextui-input-helper-text-container\\"></div></div><div class=\\"nextui-c-iwmZdB nextui-c-iwmZdB-gzViYB-color-success nextui-c-iwmZdB-jTfqsF-helperColor-default nextui-c-iwmZdB-dpkacN-borderWeight-normal nextui-c-iwmZdB-gOvjVW-size-md nextui-c-iwmZdB-iiIdOsz-css nextui-input-main-container nextui-input-main-container--normal\\" data-state=\\"normal\\"><div class=\\"nextui-c-ghxhhI nextui-c-ghxhhI-fjttfO-isTextarea-false nextui-c-ghxhhI-iNKybL-animated-true nextui-input-container nextui-input-container--normal nextui-input-container--input\\"><label class=\\"nextui-c-eXOOPO nextui-c-eXOOPO-iNKybL-shadow-true nextui-c-eXOOPO-ccrOPm-underlined-false nextui-c-eXOOPO-lkBNdM-isTextarea-false nextui-input-wrapper nextui-input-wrapper--normal nextui-input-wrapper--shadow\\"><input aria-multiline=\\"false\\" aria-placeholder=\\"\\" aria-readonly=\\"false\\" aria-required=\\"false\\" autocomplete=\\"off\\" class=\\"nextui-c-jeuecp nextui-input\\" data-state=\\"normal\\" placeholder=\\"\\" type=\\"text\\" id=\\"react-aria5747947790-15\\" value=\\"\\"></label></div><div class=\\"nextui-c-gJvMas nextui-input-helper-text-container\\"></div></div><div class=\\"nextui-c-iwmZdB nextui-c-iwmZdB-jzFoKt-color-warning nextui-c-iwmZdB-jTfqsF-helperColor-default nextui-c-iwmZdB-dpkacN-borderWeight-normal nextui-c-iwmZdB-gOvjVW-size-md nextui-c-iwmZdB-iiIdOsz-css nextui-input-main-container nextui-input-main-container--normal\\" data-state=\\"normal\\"><div class=\\"nextui-c-ghxhhI nextui-c-ghxhhI-fjttfO-isTextarea-false nextui-c-ghxhhI-iNKybL-animated-true nextui-input-container nextui-input-container--normal nextui-input-container--input\\"><label class=\\"nextui-c-eXOOPO nextui-c-eXOOPO-iNKybL-shadow-true nextui-c-eXOOPO-ccrOPm-underlined-false nextui-c-eXOOPO-lkBNdM-isTextarea-false nextui-input-wrapper nextui-input-wrapper--normal nextui-input-wrapper--shadow\\"><input aria-multiline=\\"false\\" aria-placeholder=\\"\\" aria-readonly=\\"false\\" aria-required=\\"false\\" autocomplete=\\"off\\" class=\\"nextui-c-jeuecp nextui-input\\" data-state=\\"normal\\" placeholder=\\"\\" type=\\"text\\" id=\\"react-aria5747947790-17\\" value=\\"\\"></label></div><div class=\\"nextui-c-gJvMas nextui-input-helper-text-container\\"></div></div></div>"`;
