// Jest Snapshot v1, https://goo.gl/fbAQLP

exports[`InputPassword should render correctly 1`] = `"<div class=\\"nextui-c-iwmZdB nextui-c-iwmZdB-jTfqsF-helperColor-default nextui-c-iwmZdB-dpkacN-borderWeight-normal nextui-c-iwmZdB-gOvjVW-size-md nextui-c-iwmZdB-iiIdOsz-css nextui-input-main-container nextui-input-main-container--normal\\" data-state=\\"normal\\"><div class=\\"nextui-c-ghxhhI nextui-c-ghxhhI-fjttfO-isTextarea-false nextui-c-ghxhhI-iNKybL-animated-true nextui-input-container nextui-input-container--normal nextui-input-container--input nextui-input-password\\"><label class=\\"nextui-c-eXOOPO nextui-c-eXOOPO-iNKybL-shadow-true nextui-c-eXOOPO-ccrOPm-underlined-false nextui-c-eXOOPO-lkBNdM-isTextarea-false nextui-input-wrapper nextui-input-wrapper--normal nextui-input-wrapper--shadow\\"><input aria-multiline=\\"false\\" aria-placeholder=\\"\\" aria-readonly=\\"false\\" aria-required=\\"false\\" autocomplete=\\"off\\" class=\\"nextui-c-jeuecp nextui-c-jeuecp-bVsTEo-hasRightContent-true nextui-input nextui-input-nextui-input-right-content\\" data-state=\\"normal\\" placeholder=\\"\\" type=\\"password\\" id=\\"react-aria5907530703-1\\" value=\\"\\"><span class=\\"nextui-c-PJLV nextui-c-PJLV-dBGXHd-applyStyles-true nextui-c-PJLV-hUwVy-clickable-true nextui-input-content nextui-input-content--right\\"><svg class=\\"nextui-input-password-icon\\" fill=\\"none\\" height=\\"16\\" shape-rendering=\\"geometricPrecision\\" stroke=\\"currentColor\\" stroke-linecap=\\"round\\" stroke-linejoin=\\"round\\" stroke-width=\\"1.5\\" style=\\"color: currentColor;\\" viewBox=\\"0 0 24 24\\" width=\\"16\\"><path d=\\"M1 12s4-8 11-8 11 8 11 8-4 8-11 8-11-8-11-8z\\"></path><circle cx=\\"12\\" cy=\\"12\\" r=\\"3\\"></circle></svg></span></label></div><div class=\\"nextui-c-gJvMas nextui-input-helper-text-container\\"></div></div>"`;
