// Jest Snapshot v1, https://goo.gl/fbAQLP

exports[` User should support image and text 1`] = `
LoadedCheerio {
  "0": <div>
    <div
      class="nextui-c-ijHtNE nextui-c-PJLV nextui-c-PJLV-gulvcB-isFocusVisible-false nextui-c-ijHtNE-iPJLV-css"
    >
      <span
        class="nextui-c-gEEnVX nextui-c-PJLV nextui-c-gEEnVX-qXFXw-color-default nextui-c-gEEnVX-duCSmO-textColor-default nextui-c-gEEnVX-iHugVF-size-md nextui-c-gEEnVX-krOtXB-borderWeight-normal nextui-c-gEEnVX-bAEoQm-rounded-true nextui-c-PJLV-gulvcB-isFocusVisible-false only-text-avatar nextui-user-avatar"
        data-state="ready"
      >
        <span
          class="nextui-avatar-bg"
        />
        <span
          class="nextui-avatar-text"
        >
          Jun
        </span>
      </span>
      <div
        class="nextui-c-kNKVvs nextui-user-info"
      >
        <span
          class="nextui-c-hEcroZ nextui-user-name"
        >
          Junior
        </span>
        <span
          class="nextui-c-eCZQvV nextui-user-desc"
        />
      </div>
    </div>
    <div
      class="nextui-c-ijHtNE nextui-c-PJLV nextui-c-PJLV-gulvcB-isFocusVisible-false nextui-c-ijHtNE-iPJLV-css"
    >
      <span
        class="nextui-c-gEEnVX nextui-c-PJLV nextui-c-gEEnVX-qXFXw-color-default nextui-c-gEEnVX-duCSmO-textColor-default nextui-c-gEEnVX-iHugVF-size-md nextui-c-gEEnVX-krOtXB-borderWeight-normal nextui-c-gEEnVX-bAEoQm-rounded-true nextui-c-PJLV-gulvcB-isFocusVisible-false nextui-user-avatar"
        data-state="loading"
      >
        <span
          class="nextui-avatar-bg"
        />
        <img
          class="nextui-avatar-img nextui-avatar--loading"
          data-state="loading"
          src="https://avatars.githubusercontent.com/u/30373425?v=4"
        />
      </span>
      <div
        class="nextui-c-kNKVvs nextui-user-info"
      >
        <span
          class="nextui-c-hEcroZ nextui-user-name"
        >
          Junior Garcia
        </span>
        <span
          class="nextui-c-eCZQvV nextui-user-desc"
        />
      </div>
    </div>
  </div>,
  "_root": LoadedCheerio {
    "0": Document {
      "children": Array [
        <html>
          <head />
          <body />
        </html>,
      ],
      "endIndex": null,
      "next": null,
      "parent": null,
      "prev": null,
      "startIndex": null,
      "type": "root",
      "x-mode": "quirks",
    },
    "_root": [Circular],
    "length": 1,
    "options": Object {
      "decodeEntities": true,
      "xml": false,
    },
  },
  "length": 1,
  "options": Object {
    "decodeEntities": true,
    "xml": false,
  },
}
`;
