// Jest Snapshot v1, https://goo.gl/fbAQLP

exports[
  `Row should render correctly 1`
] = `"<div class=\\"nextui-c-dfbgCO nextui-c-dfbgCO-fGHEql-fluid-true nextui-c-dfbgCO-idIWWzx-css\\">row</div>"`;

exports[
  `Row should work with nested 1`
] = `"<div class=\\"nextui-c-dfbgCO nextui-c-dfbgCO-fGHEql-fluid-true nextui-c-dfbgCO-idIWWzx-css\\"><div class=\\"nextui-c-dfbgCO nextui-c-dfbgCO-fGHEql-fluid-true nextui-c-dfbgCO-idIWWzx-css\\"><div class=\\"nextui-c-dfbgCO nextui-c-dfbgCO-fGHEql-fluid-true nextui-c-dfbgCO-idIWWzx-css\\"><div class=\\"nextui-c-cMTZRp nextui-c-cMTZRp-ijmTDtb-css\\"><div class=\\"nextui-c-dfbgCO nextui-c-dfbgCO-fGHEql-fluid-true nextui-c-dfbgCO-idIWWzx-css\\">row</div></div></div></div></div>"`;

exports[
  `Row the children should be aligned correctly 1`
] = `"<div><div class=\\"nextui-c-dfbgCO nextui-c-dfbgCO-fGHEql-fluid-true nextui-c-dfbgCO-iipPaye-css\\"><div class=\\"nextui-c-cMTZRp nextui-c-cMTZRp-ijmTDtb-css\\"></div></div><div class=\\"nextui-c-dfbgCO nextui-c-dfbgCO-fGHEql-fluid-true nextui-c-dfbgCO-iiPCojg-css\\"><div class=\\"nextui-c-cMTZRp nextui-c-cMTZRp-ijmTDtb-css\\"></div></div><div class=\\"nextui-c-dfbgCO nextui-c-dfbgCO-fGHEql-fluid-true nextui-c-dfbgCO-icEZgMd-css\\"><div class=\\"nextui-c-cMTZRp nextui-c-cMTZRp-ijmTDtb-css\\"></div></div><div class=\\"nextui-c-dfbgCO nextui-c-dfbgCO-fGHEql-fluid-true nextui-c-dfbgCO-igmUkpg-css\\"><div class=\\"nextui-c-cMTZRp nextui-c-cMTZRp-ijmTDtb-css\\"></div></div><div class=\\"nextui-c-dfbgCO nextui-c-dfbgCO-fGHEql-fluid-true nextui-c-dfbgCO-idIWWzx-css\\"><div class=\\"nextui-c-cMTZRp nextui-c-cMTZRp-ijmTDtb-css\\"></div></div><div class=\\"nextui-c-dfbgCO nextui-c-dfbgCO-fGHEql-fluid-true nextui-c-dfbgCO-ilailYI-css\\"><div class=\\"nextui-c-cMTZRp nextui-c-cMTZRp-ijmTDtb-css\\"></div></div><div class=\\"nextui-c-dfbgCO nextui-c-dfbgCO-fGHEql-fluid-true nextui-c-dfbgCO-ibEUQES-css\\"><div class=\\"nextui-c-cMTZRp nextui-c-cMTZRp-ijmTDtb-css\\"></div></div></div>"`;

exports[
  `Row the children should have the correct spacing 1`
] = `"<div><div class=\\"nextui-c-dfbgCO nextui-c-dfbgCO-fGHEql-fluid-true nextui-c-dfbgCO-ieLOVho-css\\"><div class=\\"nextui-c-cMTZRp nextui-c-cMTZRp-ijmTDtb-css\\"></div></div><div class=\\"nextui-c-dfbgCO nextui-c-dfbgCO-fGHEql-fluid-true nextui-c-dfbgCO-igSdzKj-css\\"><div class=\\"nextui-c-cMTZRp nextui-c-cMTZRp-ijmTDtb-css\\"></div></div><div class=\\"nextui-c-dfbgCO nextui-c-dfbgCO-fGHEql-fluid-true nextui-c-dfbgCO-ifliOBE-css\\"><div class=\\"nextui-c-cMTZRp nextui-c-cMTZRp-ijmTDtb-css\\"></div></div></div>"`;
