// Jest Snapshot v1, https://goo.gl/fbAQLP

exports[`ButtonIcon should render correctly 1`] = `"<button class=\\"nextui-c-iWjDFM nextui-c-PJLV nextui-c-iWjDFM-hkKLfu-color-default nextui-c-iWjDFM-gkIlwi-size-md nextui-c-iWjDFM-cwXrJp-borderWeight-normal nextui-c-PJLV-gulvcB-isFocusVisible-false nextui-c-iWjDFM-iPJLV-css nextui-button nextui-button--ready\\" data-state=\\"ready\\" type=\\"button\\"><span class=\\"nextui-c-bDGMeb nextui-c-bDGMeb-iPJLV-css nextui-button-icon\\"><svg></svg></span><div class=\\"nextui-button-text nextui-button-text-left\\">action</div></button>"`;

exports[`ButtonIcon should work with right 1`] = `"<button class=\\"nextui-c-iWjDFM nextui-c-PJLV nextui-c-iWjDFM-hkKLfu-color-default nextui-c-iWjDFM-gkIlwi-size-md nextui-c-iWjDFM-cwXrJp-borderWeight-normal nextui-c-PJLV-gulvcB-isFocusVisible-false nextui-c-iWjDFM-iPJLV-css nextui-button nextui-button--ready\\" data-state=\\"ready\\" type=\\"button\\"><span class=\\"nextui-c-bDGMeb nextui-c-bDGMeb-jeNDWm-isRight-true nextui-c-bDGMeb-iPJLV-css nextui-button-icon nextui-button-icon-right\\"><svg></svg></span><div class=\\"nextui-button-text nextui-button-text-right\\">action</div></button>"`;

exports[`ButtonIcon should work without text 1`] = `"<button class=\\"nextui-c-iWjDFM nextui-c-PJLV nextui-c-iWjDFM-hkKLfu-color-default nextui-c-iWjDFM-gkIlwi-size-md nextui-c-iWjDFM-cwXrJp-borderWeight-normal nextui-c-iWjDFM-bQrkqa-isChildLess-true nextui-c-PJLV-gulvcB-isFocusVisible-false nextui-c-iWjDFM-iPJLV-css nextui-button nextui-button--ready\\" data-state=\\"ready\\" type=\\"button\\"><span class=\\"nextui-c-bDGMeb nextui-c-bDGMeb-jeNDWm-isRight-true nextui-c-bDGMeb-iyYGWO-isSingle-true nextui-c-bDGMeb-bVsTEo-cv nextui-c-bDGMeb-iPJLV-css nextui-button-icon nextui-button-icon-right nextui-button-icon-single\\"><svg></svg></span></button>"`;
