// Jest Snapshot v1, https://goo.gl/fbAQLP

exports[`Switch should render correctly 1`] = `"<label data-state=\\"unchecked\\" class=\\"nextui-c-STltJ nextui-c-STltJ-bwQcWP-color-default nextui-c-STltJ-JJjKI-size-md nextui-c-STltJ-bgIFDi-borderWeight-normal\\"><input class=\\"nextui-c-jjKPqy nextui-c-iFHsrU nextui-c-jjKPqy-gwHlSF-animated-true nextui-switch-input\\" data-state=\\"unchecked\\" tabindex=\\"-1\\" type=\\"checkbox\\"><div aria-checked=\\"false\\" aria-disabled=\\"false\\" class=\\"nextui-c-itiWTf nextui-c-huiNHE nextui-c-itiWTf-iXJPXp-animated-true nextui-switch nextui-switch--unchecked\\" data-state=\\"unchecked\\" role=\\"switch\\" tabindex=\\"0\\"><span class=\\"nextui-c-eJPKci nextui-switch-circle\\"></span></div></label>"`;

exports[`Switch should render correctly with an icon 1`] = `"<label data-state=\\"unchecked\\" class=\\"nextui-c-STltJ nextui-c-STltJ-bwQcWP-color-default nextui-c-STltJ-JJjKI-size-md nextui-c-STltJ-bgIFDi-borderWeight-normal\\"><input class=\\"nextui-c-jjKPqy nextui-c-iFHsrU nextui-c-jjKPqy-gwHlSF-animated-true nextui-switch-input\\" data-state=\\"unchecked\\" tabindex=\\"-1\\" type=\\"checkbox\\"><div aria-checked=\\"false\\" aria-disabled=\\"false\\" class=\\"nextui-c-itiWTf nextui-c-huiNHE nextui-c-itiWTf-iXJPXp-animated-true nextui-switch nextui-switch--unchecked\\" data-state=\\"unchecked\\" role=\\"switch\\" tabindex=\\"0\\"><span class=\\"nextui-c-eJPKci nextui-switch-circle\\"><svg class=\\"\\"></svg></span></div></label>"`;

exports[`Switch should render correctly with an iconOff 1`] = `"<label data-state=\\"unchecked\\" class=\\"nextui-c-STltJ nextui-c-STltJ-bwQcWP-color-default nextui-c-STltJ-JJjKI-size-md nextui-c-STltJ-bgIFDi-borderWeight-normal\\"><input class=\\"nextui-c-jjKPqy nextui-c-iFHsrU nextui-c-jjKPqy-gwHlSF-animated-true nextui-switch-input\\" data-state=\\"unchecked\\" tabindex=\\"-1\\" type=\\"checkbox\\"><div aria-checked=\\"false\\" aria-disabled=\\"false\\" class=\\"nextui-c-itiWTf nextui-c-huiNHE nextui-c-itiWTf-iXJPXp-animated-true nextui-switch nextui-switch--unchecked\\" data-state=\\"unchecked\\" role=\\"switch\\" tabindex=\\"0\\"><span class=\\"nextui-c-eJPKci nextui-switch-circle\\"><svg class=\\"\\"></svg></span></div></label>"`;

exports[`Switch should render correctly with an iconOn 1`] = `"<label data-state=\\"unchecked\\" class=\\"nextui-c-STltJ nextui-c-STltJ-bwQcWP-color-default nextui-c-STltJ-JJjKI-size-md nextui-c-STltJ-bgIFDi-borderWeight-normal\\"><input class=\\"nextui-c-jjKPqy nextui-c-iFHsrU nextui-c-jjKPqy-gwHlSF-animated-true nextui-switch-input\\" data-state=\\"unchecked\\" tabindex=\\"-1\\" type=\\"checkbox\\"><div aria-checked=\\"false\\" aria-disabled=\\"false\\" class=\\"nextui-c-itiWTf nextui-c-huiNHE nextui-c-itiWTf-iXJPXp-animated-true nextui-switch nextui-switch--unchecked\\" data-state=\\"unchecked\\" role=\\"switch\\" tabindex=\\"0\\"><span class=\\"nextui-c-eJPKci nextui-switch-circle\\"><svg class=\\"\\"></svg></span></div></label>"`;

exports[`Switch should render correctly with both icons on/off 1`] = `"<label data-state=\\"unchecked\\" class=\\"nextui-c-STltJ nextui-c-STltJ-bwQcWP-color-default nextui-c-STltJ-JJjKI-size-md nextui-c-STltJ-bgIFDi-borderWeight-normal\\"><input class=\\"nextui-c-jjKPqy nextui-c-iFHsrU nextui-c-jjKPqy-gwHlSF-animated-true nextui-switch-input\\" data-state=\\"unchecked\\" tabindex=\\"-1\\" type=\\"checkbox\\"><div aria-checked=\\"false\\" aria-disabled=\\"false\\" class=\\"nextui-c-itiWTf nextui-c-huiNHE nextui-c-itiWTf-iXJPXp-animated-true nextui-switch nextui-switch--unchecked\\" data-state=\\"unchecked\\" role=\\"switch\\" tabindex=\\"0\\"><span class=\\"nextui-c-eJPKci nextui-switch-circle\\"><svg class=\\"\\"></svg></span></div></label>"`;

exports[`Switch should work with different colors 1`] = `"<div><label data-state=\\"unchecked\\" class=\\"nextui-c-STltJ nextui-c-STltJ-bwQcWP-color-primary nextui-c-STltJ-JJjKI-size-md nextui-c-STltJ-bgIFDi-borderWeight-normal\\"><input class=\\"nextui-c-jjKPqy nextui-c-iFHsrU nextui-c-jjKPqy-gwHlSF-animated-true nextui-switch-input\\" data-state=\\"unchecked\\" tabindex=\\"-1\\" type=\\"checkbox\\"><div aria-checked=\\"false\\" aria-disabled=\\"false\\" class=\\"nextui-c-itiWTf nextui-c-huiNHE nextui-c-itiWTf-iXJPXp-animated-true nextui-switch nextui-switch--unchecked\\" data-state=\\"unchecked\\" role=\\"switch\\" tabindex=\\"0\\"><span class=\\"nextui-c-eJPKci nextui-switch-circle\\"></span></div></label><label data-state=\\"unchecked\\" class=\\"nextui-c-STltJ nextui-c-STltJ-cMYjfR-color-secondary nextui-c-STltJ-JJjKI-size-md nextui-c-STltJ-bgIFDi-borderWeight-normal\\"><input class=\\"nextui-c-jjKPqy nextui-c-iFHsrU nextui-c-jjKPqy-gwHlSF-animated-true nextui-switch-input\\" data-state=\\"unchecked\\" tabindex=\\"-1\\" type=\\"checkbox\\"><div aria-checked=\\"false\\" aria-disabled=\\"false\\" class=\\"nextui-c-itiWTf nextui-c-huiNHE nextui-c-itiWTf-iXJPXp-animated-true nextui-switch nextui-switch--unchecked\\" data-state=\\"unchecked\\" role=\\"switch\\" tabindex=\\"0\\"><span class=\\"nextui-c-eJPKci nextui-switch-circle\\"></span></div></label><label data-state=\\"unchecked\\" class=\\"nextui-c-STltJ nextui-c-STltJ-eTwznY-color-success nextui-c-STltJ-JJjKI-size-md nextui-c-STltJ-bgIFDi-borderWeight-normal\\"><input class=\\"nextui-c-jjKPqy nextui-c-iFHsrU nextui-c-jjKPqy-gwHlSF-animated-true nextui-switch-input\\" data-state=\\"unchecked\\" tabindex=\\"-1\\" type=\\"checkbox\\"><div aria-checked=\\"false\\" aria-disabled=\\"false\\" class=\\"nextui-c-itiWTf nextui-c-huiNHE nextui-c-itiWTf-iXJPXp-animated-true nextui-switch nextui-switch--unchecked\\" data-state=\\"unchecked\\" role=\\"switch\\" tabindex=\\"0\\"><span class=\\"nextui-c-eJPKci nextui-switch-circle\\"></span></div></label><label data-state=\\"unchecked\\" class=\\"nextui-c-STltJ nextui-c-STltJ-jTdYRZ-color-warning nextui-c-STltJ-JJjKI-size-md nextui-c-STltJ-bgIFDi-borderWeight-normal\\"><input class=\\"nextui-c-jjKPqy nextui-c-iFHsrU nextui-c-jjKPqy-gwHlSF-animated-true nextui-switch-input\\" data-state=\\"unchecked\\" tabindex=\\"-1\\" type=\\"checkbox\\"><div aria-checked=\\"false\\" aria-disabled=\\"false\\" class=\\"nextui-c-itiWTf nextui-c-huiNHE nextui-c-itiWTf-iXJPXp-animated-true nextui-switch nextui-switch--unchecked\\" data-state=\\"unchecked\\" role=\\"switch\\" tabindex=\\"0\\"><span class=\\"nextui-c-eJPKci nextui-switch-circle\\"></span></div></label><label data-state=\\"unchecked\\" class=\\"nextui-c-STltJ nextui-c-STltJ-dlOPhH-color-error nextui-c-STltJ-JJjKI-size-md nextui-c-STltJ-bgIFDi-borderWeight-normal\\"><input class=\\"nextui-c-jjKPqy nextui-c-iFHsrU nextui-c-jjKPqy-gwHlSF-animated-true nextui-switch-input\\" data-state=\\"unchecked\\" tabindex=\\"-1\\" type=\\"checkbox\\"><div aria-checked=\\"false\\" aria-disabled=\\"false\\" class=\\"nextui-c-itiWTf nextui-c-huiNHE nextui-c-itiWTf-iXJPXp-animated-true nextui-switch nextui-switch--unchecked\\" data-state=\\"unchecked\\" role=\\"switch\\" tabindex=\\"0\\"><span class=\\"nextui-c-eJPKci nextui-switch-circle\\"></span></div></label></div>"`;

exports[`Switch should work with different sizes 1`] = `"<div><label data-state=\\"unchecked\\" class=\\"nextui-c-STltJ nextui-c-STltJ-bwQcWP-color-default nextui-c-STltJ-dAsftq-size-xs nextui-c-STltJ-bgIFDi-borderWeight-normal\\"><input class=\\"nextui-c-jjKPqy nextui-c-iFHsrU nextui-c-jjKPqy-gwHlSF-animated-true nextui-switch-input\\" data-state=\\"unchecked\\" tabindex=\\"-1\\" type=\\"checkbox\\"><div aria-checked=\\"false\\" aria-disabled=\\"false\\" class=\\"nextui-c-itiWTf nextui-c-huiNHE nextui-c-itiWTf-iXJPXp-animated-true nextui-switch nextui-switch--unchecked\\" data-state=\\"unchecked\\" role=\\"switch\\" tabindex=\\"0\\"><span class=\\"nextui-c-eJPKci nextui-switch-circle\\"></span></div></label><label data-state=\\"unchecked\\" class=\\"nextui-c-STltJ nextui-c-STltJ-bwQcWP-color-default nextui-c-STltJ-gPEQiI-size-sm nextui-c-STltJ-bgIFDi-borderWeight-normal\\"><input class=\\"nextui-c-jjKPqy nextui-c-iFHsrU nextui-c-jjKPqy-gwHlSF-animated-true nextui-switch-input\\" data-state=\\"unchecked\\" tabindex=\\"-1\\" type=\\"checkbox\\"><div aria-checked=\\"false\\" aria-disabled=\\"false\\" class=\\"nextui-c-itiWTf nextui-c-huiNHE nextui-c-itiWTf-iXJPXp-animated-true nextui-switch nextui-switch--unchecked\\" data-state=\\"unchecked\\" role=\\"switch\\" tabindex=\\"0\\"><span class=\\"nextui-c-eJPKci nextui-switch-circle\\"></span></div></label><label data-state=\\"unchecked\\" class=\\"nextui-c-STltJ nextui-c-STltJ-bwQcWP-color-default nextui-c-STltJ-JJjKI-size-md nextui-c-STltJ-bgIFDi-borderWeight-normal\\"><input class=\\"nextui-c-jjKPqy nextui-c-iFHsrU nextui-c-jjKPqy-gwHlSF-animated-true nextui-switch-input\\" data-state=\\"unchecked\\" tabindex=\\"-1\\" type=\\"checkbox\\"><div aria-checked=\\"false\\" aria-disabled=\\"false\\" class=\\"nextui-c-itiWTf nextui-c-huiNHE nextui-c-itiWTf-iXJPXp-animated-true nextui-switch nextui-switch--unchecked\\" data-state=\\"unchecked\\" role=\\"switch\\" tabindex=\\"0\\"><span class=\\"nextui-c-eJPKci nextui-switch-circle\\"></span></div></label><label data-state=\\"unchecked\\" class=\\"nextui-c-STltJ nextui-c-STltJ-bwQcWP-color-default nextui-c-STltJ-lcjiCZ-size-lg nextui-c-STltJ-bgIFDi-borderWeight-normal\\"><input class=\\"nextui-c-jjKPqy nextui-c-iFHsrU nextui-c-jjKPqy-gwHlSF-animated-true nextui-switch-input\\" data-state=\\"unchecked\\" tabindex=\\"-1\\" type=\\"checkbox\\"><div aria-checked=\\"false\\" aria-disabled=\\"false\\" class=\\"nextui-c-itiWTf nextui-c-huiNHE nextui-c-itiWTf-iXJPXp-animated-true nextui-switch nextui-switch--unchecked\\" data-state=\\"unchecked\\" role=\\"switch\\" tabindex=\\"0\\"><span class=\\"nextui-c-eJPKci nextui-switch-circle\\"></span></div></label><label data-state=\\"unchecked\\" class=\\"nextui-c-STltJ nextui-c-STltJ-bwQcWP-color-default nextui-c-STltJ-elYIjz-size-xl nextui-c-STltJ-bgIFDi-borderWeight-normal\\"><input class=\\"nextui-c-jjKPqy nextui-c-iFHsrU nextui-c-jjKPqy-gwHlSF-animated-true nextui-switch-input\\" data-state=\\"unchecked\\" tabindex=\\"-1\\" type=\\"checkbox\\"><div aria-checked=\\"false\\" aria-disabled=\\"false\\" class=\\"nextui-c-itiWTf nextui-c-huiNHE nextui-c-itiWTf-iXJPXp-animated-true nextui-switch nextui-switch--unchecked\\" data-state=\\"unchecked\\" role=\\"switch\\" tabindex=\\"0\\"><span class=\\"nextui-c-eJPKci nextui-switch-circle\\"></span></div></label></div>"`;
