// Jest Snapshot v1, https://goo.gl/fbAQLP

exports[`Snippet should render correctly 1`] = `"<div class=\\"nextui-c-eaXwRa nextui-c-eaXwRa-kPoUFQ-color-default nextui-c-eaXwRa-csvrTU-borderWeight-normal\\"><pre class=\\"nextui-c-eVaCKy nextui-c-eVaCKy-ijvHxtl-css nextui-snippet-pre\\">yarn add @nextui-org/react</pre><div class=\\"nextui-c-ftJsHY nextui-c-ftJsHY-iPJLV-css nextui-tooltip-button\\" role=\\"button\\" tabindex=\\"-1\\"><button class=\\"nextui-c-iYtvzS nextui-c-huiNHE nextui-snippet-copy-button\\"><svg height=\\"18\\" viewBox=\\"0 0 24 24\\" width=\\"18\\" xmlns=\\"http://www.w3.org/2000/svg\\" class=\\"nextui-c-PJLV\\"><path d=\\"M20 2H10c-1.103 0-2 .897-2 2v4H4c-1.103 0-2 .897-2 2v10c0 1.103.897 2 2 2h10c1.103 0 2-.897 2-2v-4h4c1.103 0 2-.897 2-2V4c0-1.103-.897-2-2-2zM4 20V10h10l.002 10H4zm16-6h-4v-4c0-1.103-.897-2-2-2h-4V4h10v10z\\"></path></svg></button></div></div>"`;

exports[`Snippet should work with custom symbol 1`] = `"<div class=\\"nextui-c-eaXwRa nextui-c-eaXwRa-kPoUFQ-color-default nextui-c-eaXwRa-csvrTU-borderWeight-normal\\"><pre class=\\"nextui-c-eVaCKy nextui-c-eVaCKy-iglrZwL-css nextui-snippet-pre\\">yarn add @nextui-org/react</pre><div class=\\"nextui-c-ftJsHY nextui-c-ftJsHY-iPJLV-css nextui-tooltip-button\\" role=\\"button\\" tabindex=\\"-1\\"><button class=\\"nextui-c-iYtvzS nextui-c-huiNHE nextui-snippet-copy-button\\"><svg height=\\"18\\" viewBox=\\"0 0 24 24\\" width=\\"18\\" xmlns=\\"http://www.w3.org/2000/svg\\" class=\\"nextui-c-PJLV\\"><path d=\\"M20 2H10c-1.103 0-2 .897-2 2v4H4c-1.103 0-2 .897-2 2v10c0 1.103.897 2 2 2h10c1.103 0 2-.897 2-2v-4h4c1.103 0 2-.897 2-2V4c0-1.103-.897-2-2-2zM4 20V10h10l.002 10H4zm16-6h-4v-4c0-1.103-.897-2-2-2h-4V4h10v10z\\"></path></svg></button></div></div>"`;

exports[`Snippet should work with custom symbol 2`] = `"<div class=\\"nextui-c-eaXwRa nextui-c-eaXwRa-kPoUFQ-color-default nextui-c-eaXwRa-csvrTU-borderWeight-normal\\"><pre class=\\"nextui-c-eVaCKy nextui-c-eVaCKy-idPaJqJ-css nextui-snippet-pre\\">yarn add @nextui-org/react</pre><div class=\\"nextui-c-ftJsHY nextui-c-ftJsHY-iPJLV-css nextui-tooltip-button\\" role=\\"button\\" tabindex=\\"-1\\"><button class=\\"nextui-c-iYtvzS nextui-c-huiNHE nextui-snippet-copy-button\\"><svg height=\\"18\\" viewBox=\\"0 0 24 24\\" width=\\"18\\" xmlns=\\"http://www.w3.org/2000/svg\\" class=\\"nextui-c-PJLV\\"><path d=\\"M20 2H10c-1.103 0-2 .897-2 2v4H4c-1.103 0-2 .897-2 2v10c0 1.103.897 2 2 2h10c1.103 0 2-.897 2-2v-4h4c1.103 0 2-.897 2-2V4c0-1.103-.897-2-2-2zM4 20V10h10l.002 10H4zm16-6h-4v-4c0-1.103-.897-2-2-2h-4V4h10v10z\\"></path></svg></button></div></div>"`;

exports[`Snippet should work with different styles 1`] = `"<div><div class=\\"nextui-c-eaXwRa nextui-c-eaXwRa-kPoUFQ-color-default nextui-c-eaXwRa-csvrTU-borderWeight-normal\\"><pre class=\\"nextui-c-eVaCKy nextui-c-eVaCKy-ijvHxtl-css nextui-snippet-pre\\">yarn add @nextui-org/react</pre><div class=\\"nextui-c-ftJsHY nextui-c-ftJsHY-iPJLV-css nextui-tooltip-button\\" role=\\"button\\" tabindex=\\"-1\\"><button class=\\"nextui-c-iYtvzS nextui-c-huiNHE nextui-snippet-copy-button\\"><svg height=\\"18\\" viewBox=\\"0 0 24 24\\" width=\\"18\\" xmlns=\\"http://www.w3.org/2000/svg\\" class=\\"nextui-c-PJLV\\"><path d=\\"M20 2H10c-1.103 0-2 .897-2 2v4H4c-1.103 0-2 .897-2 2v10c0 1.103.897 2 2 2h10c1.103 0 2-.897 2-2v-4h4c1.103 0 2-.897 2-2V4c0-1.103-.897-2-2-2zM4 20V10h10l.002 10H4zm16-6h-4v-4c0-1.103-.897-2-2-2h-4V4h10v10z\\"></path></svg></button></div></div><div class=\\"nextui-c-eaXwRa nextui-c-eaXwRa-kPoUFQ-color-default nextui-c-eaXwRa-csvrTU-borderWeight-normal nextui-c-eaXwRa-kyNZHt-filled-true\\"><pre class=\\"nextui-c-eVaCKy nextui-c-eVaCKy-ijvHxtl-css nextui-snippet-pre\\">yarn add @nextui-org/react</pre><div class=\\"nextui-c-ftJsHY nextui-c-ftJsHY-iPJLV-css nextui-tooltip-button\\" role=\\"button\\" tabindex=\\"-1\\"><button class=\\"nextui-c-iYtvzS nextui-c-huiNHE nextui-snippet-copy-button\\"><svg height=\\"18\\" viewBox=\\"0 0 24 24\\" width=\\"18\\" xmlns=\\"http://www.w3.org/2000/svg\\" class=\\"nextui-c-PJLV\\"><path d=\\"M20 2H10c-1.103 0-2 .897-2 2v4H4c-1.103 0-2 .897-2 2v10c0 1.103.897 2 2 2h10c1.103 0 2-.897 2-2v-4h4c1.103 0 2-.897 2-2V4c0-1.103-.897-2-2-2zM4 20V10h10l.002 10H4zm16-6h-4v-4c0-1.103-.897-2-2-2h-4V4h10v10z\\"></path></svg></button></div></div><div class=\\"nextui-c-eaXwRa nextui-c-eaXwRa-fFVmgV-color-secondary nextui-c-eaXwRa-csvrTU-borderWeight-normal\\"><pre class=\\"nextui-c-eVaCKy nextui-c-eVaCKy-ijvHxtl-css nextui-snippet-pre\\">yarn add @nextui-org/react</pre><div class=\\"nextui-c-ftJsHY nextui-c-ftJsHY-iPJLV-css nextui-tooltip-button\\" role=\\"button\\" tabindex=\\"-1\\"><button class=\\"nextui-c-iYtvzS nextui-c-huiNHE nextui-snippet-copy-button\\"><svg height=\\"18\\" viewBox=\\"0 0 24 24\\" width=\\"18\\" xmlns=\\"http://www.w3.org/2000/svg\\" class=\\"nextui-c-PJLV\\"><path d=\\"M20 2H10c-1.103 0-2 .897-2 2v4H4c-1.103 0-2 .897-2 2v10c0 1.103.897 2 2 2h10c1.103 0 2-.897 2-2v-4h4c1.103 0 2-.897 2-2V4c0-1.103-.897-2-2-2zM4 20V10h10l.002 10H4zm16-6h-4v-4c0-1.103-.897-2-2-2h-4V4h10v10z\\"></path></svg></button></div></div><div class=\\"nextui-c-eaXwRa nextui-c-eaXwRa-ifKsbt-color-success nextui-c-eaXwRa-csvrTU-borderWeight-normal nextui-c-eaXwRa-kyNZHt-filled-true\\"><pre class=\\"nextui-c-eVaCKy nextui-c-eVaCKy-ijvHxtl-css nextui-snippet-pre\\">yarn add @nextui-org/react</pre><div class=\\"nextui-c-ftJsHY nextui-c-ftJsHY-iPJLV-css nextui-tooltip-button\\" role=\\"button\\" tabindex=\\"-1\\"><button class=\\"nextui-c-iYtvzS nextui-c-huiNHE nextui-snippet-copy-button\\"><svg height=\\"18\\" viewBox=\\"0 0 24 24\\" width=\\"18\\" xmlns=\\"http://www.w3.org/2000/svg\\" class=\\"nextui-c-PJLV\\"><path d=\\"M20 2H10c-1.103 0-2 .897-2 2v4H4c-1.103 0-2 .897-2 2v10c0 1.103.897 2 2 2h10c1.103 0 2-.897 2-2v-4h4c1.103 0 2-.897 2-2V4c0-1.103-.897-2-2-2zM4 20V10h10l.002 10H4zm16-6h-4v-4c0-1.103-.897-2-2-2h-4V4h10v10z\\"></path></svg></button></div></div></div>"`;

exports[`Snippet should work with multi-line 1`] = `"<div class=\\"nextui-c-eaXwRa nextui-c-eaXwRa-kPoUFQ-color-default nextui-c-eaXwRa-csvrTU-borderWeight-normal\\"><pre class=\\"nextui-c-eVaCKy nextui-c-eVaCKy-ijvHxtl-css nextui-snippet-pre\\">cd project</pre><pre class=\\"nextui-c-eVaCKy nextui-c-eVaCKy-ijvHxtl-css nextui-snippet-pre\\">now</pre><div class=\\"nextui-c-ftJsHY nextui-c-ftJsHY-iPJLV-css nextui-tooltip-button\\" role=\\"button\\" tabindex=\\"-1\\"><button class=\\"nextui-c-iYtvzS nextui-c-huiNHE nextui-snippet-copy-button\\"><svg height=\\"18\\" viewBox=\\"0 0 24 24\\" width=\\"18\\" xmlns=\\"http://www.w3.org/2000/svg\\" class=\\"nextui-c-PJLV\\"><path d=\\"M20 2H10c-1.103 0-2 .897-2 2v4H4c-1.103 0-2 .897-2 2v10c0 1.103.897 2 2 2h10c1.103 0 2-.897 2-2v-4h4c1.103 0 2-.897 2-2V4c0-1.103-.897-2-2-2zM4 20V10h10l.002 10H4zm16-6h-4v-4c0-1.103-.897-2-2-2h-4V4h10v10z\\"></path></svg></button></div></div>"`;
