// Jest Snapshot v1, https://goo.gl/fbAQLP

exports[`Table should render a static table correctly with sorting 1`] = `"<div class=\\"nextui-c-hWZRae nextui-c-hWZRae-gikTHb-shadow-true nextui-c-hWZRae-bzEnZV-borderWeight-normal nextui-c-hWZRae-iPJLV-css nextui-table-container\\"><table class=\\"nextui-c-fcXuxO nextui-c-fcXuxO-fyxmJu-color-primary nextui-c-fcXuxO-fPgLZC-lineWeight-light nextui-table\\" aria-label=\\"Test sorting table\\" id=\\"react-aria9575136216-15\\" role=\\"grid\\" tabindex=\\"0\\" aria-describedby=\\"\\"><thead class=\\"nextui-c-PJLV nextui-table-row-group\\" role=\\"rowgroup\\"><tr class=\\"nextui-c-fRbcxI nextui-table-header-row\\" role=\\"row\\"><th class=\\"nextui-c-jhJWUH nextui-c-PJLV nextui-c-PJLV-gulvcB-isFocusVisible-false nextui-table-column-header\\" tabindex=\\"-1\\" data-key=\\".0.0\\" role=\\"columnheader\\" id=\\"react-aria9575136216-15-.0.0\\">NAME</th><th class=\\"nextui-c-jhJWUH nextui-c-PJLV nextui-c-jhJWUH-hHqiAG-allowsSorting-true nextui-c-PJLV-gulvcB-isFocusVisible-false nextui-table-column-header\\" tabindex=\\"-1\\" data-key=\\".0.1\\" role=\\"columnheader\\" id=\\"react-aria9575136216-15-.0.1\\" aria-sort=\\"none\\" aria-describedby=\\"react-aria-description-0\\">TYPE<svg aria-hidden=\\"true\\" class=\\"nextui-c-cqpNQI nextui-c-cqpNQI-ihOkgrg-css nextui-table-sort-icon\\" fill=\\"none\\" focusable=\\"false\\" height=\\"22\\" role=\\"presentation\\" viewBox=\\"0 0 24 24\\" width=\\"22\\" xmlns=\\"http://www.w3.org/2000/svg\\"><path d=\\"M12 2C6.49 2 2 6.49 2 12C2 17.51 6.49 22 12 22C17.51 22 22 17.51 22 12C22 6.49 17.51 2 12 2ZM16.06 11.27L12.53 14.8C12.38 14.95 12.19 15.02 12 15.02C11.81 15.02 11.62 14.95 11.47 14.8L7.94 11.27C7.65 10.98 7.65 10.5 7.94 10.21C8.23 9.92 8.71 9.92 9 10.21L12 13.21L15 10.21C15.29 9.92 15.77 9.92 16.06 10.21C16.35 10.5 16.35 10.97 16.06 11.27Z\\"></path></svg></th><th class=\\"nextui-c-jhJWUH nextui-c-PJLV nextui-c-jhJWUH-hHqiAG-allowsSorting-true nextui-c-PJLV-gulvcB-isFocusVisible-false nextui-table-column-header\\" tabindex=\\"-1\\" data-key=\\".0.2\\" role=\\"columnheader\\" id=\\"react-aria9575136216-15-.0.2\\" aria-sort=\\"none\\" aria-describedby=\\"react-aria-description-0\\">DATE MODIFIED<svg aria-hidden=\\"true\\" class=\\"nextui-c-cqpNQI nextui-c-cqpNQI-ihOkgrg-css nextui-table-sort-icon\\" fill=\\"none\\" focusable=\\"false\\" height=\\"22\\" role=\\"presentation\\" viewBox=\\"0 0 24 24\\" width=\\"22\\" xmlns=\\"http://www.w3.org/2000/svg\\"><path d=\\"M12 2C6.49 2 2 6.49 2 12C2 17.51 6.49 22 12 22C17.51 22 22 17.51 22 12C22 6.49 17.51 2 12 2ZM16.06 11.27L12.53 14.8C12.38 14.95 12.19 15.02 12 15.02C11.81 15.02 11.62 14.95 11.47 14.8L7.94 11.27C7.65 10.98 7.65 10.5 7.94 10.21C8.23 9.92 8.71 9.92 9 10.21L12 13.21L15 10.21C15.29 9.92 15.77 9.92 16.06 10.21C16.35 10.5 16.35 10.97 16.06 11.27Z\\"></path></svg></th></tr><tr aria-hidden=\\"true\\" class=\\"nextui-c-gNVTSf nextui-c-gNVTSf-hakyQ-inline-false nextui-c-gNVTSf-icCJVMZ-css nextui-table-hidden-row\\"></tr></thead><tbody class=\\"nextui-c-PJLV nextui-c-PJLV-iccTTUn-css nextui-table-body\\" role=\\"rowgroup\\"><tr class=\\"nextui-c-bUbfzy nextui-c-PJLV nextui-c-PJLV-gulvcB-isFocusVisible-false nextui-table-row\\" role=\\"row\\" tabindex=\\"-1\\" data-key=\\"1\\" aria-labelledby=\\"react-aria9575136216-15-1-.0.0\\" aria-hidden=\\"false\\"><td class=\\"nextui-c-PJLV nextui-c-czOCAM nextui-c-PJLV-gulvcB-isFocusVisible-false nextui-table-cell\\" tabindex=\\"-1\\" data-key=\\"1.0\\" role=\\"rowheader\\" id=\\"react-aria9575136216-15-1-.0.0\\">Games</td><td class=\\"nextui-c-PJLV nextui-c-czOCAM nextui-c-PJLV-gulvcB-isFocusVisible-false nextui-table-cell\\" tabindex=\\"-1\\" data-key=\\"1.1\\" role=\\"gridcell\\">File folder</td><td class=\\"nextui-c-PJLV nextui-c-czOCAM nextui-c-PJLV-gulvcB-isFocusVisible-false nextui-table-cell\\" tabindex=\\"-1\\" data-key=\\"1.2\\" role=\\"gridcell\\">6/7/2020</td></tr></tbody></table></div>"`;

exports[`Table should render correctly 1`] = `"<div class=\\"nextui-c-hWZRae nextui-c-hWZRae-gikTHb-shadow-true nextui-c-hWZRae-bzEnZV-borderWeight-normal nextui-c-hWZRae-iPJLV-css nextui-table-container\\"><table class=\\"nextui-c-fcXuxO nextui-c-fcXuxO-fyxmJu-color-primary nextui-c-fcXuxO-fPgLZC-lineWeight-light nextui-table\\" aria-label=\\"Test example table\\" id=\\"react-aria9575136216-2\\" role=\\"grid\\" tabindex=\\"0\\" aria-describedby=\\"\\"><thead class=\\"nextui-c-PJLV nextui-table-row-group\\" role=\\"rowgroup\\"><tr class=\\"nextui-c-fRbcxI nextui-table-header-row\\" role=\\"row\\"><th class=\\"nextui-c-jhJWUH nextui-c-PJLV nextui-c-PJLV-gulvcB-isFocusVisible-false nextui-table-column-header\\" tabindex=\\"-1\\" data-key=\\".0.0\\" role=\\"columnheader\\" id=\\"react-aria9575136216-2-.0.0\\">NAME</th><th class=\\"nextui-c-jhJWUH nextui-c-PJLV nextui-c-PJLV-gulvcB-isFocusVisible-false nextui-table-column-header\\" tabindex=\\"-1\\" data-key=\\".0.1\\" role=\\"columnheader\\" id=\\"react-aria9575136216-2-.0.1\\">TYPE</th><th class=\\"nextui-c-jhJWUH nextui-c-PJLV nextui-c-PJLV-gulvcB-isFocusVisible-false nextui-table-column-header\\" tabindex=\\"-1\\" data-key=\\".0.2\\" role=\\"columnheader\\" id=\\"react-aria9575136216-2-.0.2\\">DATE MODIFIED</th></tr><tr aria-hidden=\\"true\\" class=\\"nextui-c-gNVTSf nextui-c-gNVTSf-hakyQ-inline-false nextui-c-gNVTSf-icCJVMZ-css nextui-table-hidden-row\\"></tr></thead><tbody class=\\"nextui-c-PJLV nextui-c-PJLV-iccTTUn-css nextui-table-body\\" role=\\"rowgroup\\"><tr class=\\"nextui-c-bUbfzy nextui-c-PJLV nextui-c-PJLV-gulvcB-isFocusVisible-false nextui-table-row\\" role=\\"row\\" tabindex=\\"-1\\" data-key=\\"1\\" aria-labelledby=\\"react-aria9575136216-2-1-.0.0\\" aria-hidden=\\"false\\"><td class=\\"nextui-c-PJLV nextui-c-czOCAM nextui-c-PJLV-gulvcB-isFocusVisible-false nextui-table-cell\\" tabindex=\\"-1\\" data-key=\\"1.0\\" role=\\"rowheader\\" id=\\"react-aria9575136216-2-1-.0.0\\">Games</td><td class=\\"nextui-c-PJLV nextui-c-czOCAM nextui-c-PJLV-gulvcB-isFocusVisible-false nextui-table-cell\\" tabindex=\\"-1\\" data-key=\\"1.1\\" role=\\"gridcell\\">File folder</td><td class=\\"nextui-c-PJLV nextui-c-czOCAM nextui-c-PJLV-gulvcB-isFocusVisible-false nextui-table-cell\\" tabindex=\\"-1\\" data-key=\\"1.2\\" role=\\"gridcell\\">6/7/2020</td></tr></tbody></table></div>"`;
